main.c:92:5:main	8	static
main.c:166:6:SystemClock_Config	232	static
main.c:223:13:MX_ADC1_Init	24	static
main.c:273:13:MX_ADC2_Init	24	static
main.c:323:13:MX_ADC3_Init	24	static
main.c:373:13:MX_TIM4_Init	64	static
main.c:431:13:MX_TIM6_Init	24	static
main.c:469:13:MX_USART3_UART_Init	8	static
main.c:502:13:MX_DMA_Init	16	static
main.c:526:13:MX_GPIO_Init	40	static
main.c:549:6:HAL_ADC_ConvHalfCpltCallback	16	static
main.c:552:6:HAL_ADC_ConvCpltCallback	16	static
main.c:568:6:Error_Handler	4	static
